model=resnet params=299,530 device=mps train=45000 val=5000
epoch   1/30 | lr 0.0040 | train loss 1.5326 acc 0.4349 | val loss 1.1440 acc 0.5850 | 33.6s *
epoch   2/30 | lr 0.0069 | train loss 1.1480 acc 0.5861 | val loss 1.1552 acc 0.5838 | 19.6s
epoch   3/30 | lr 0.0152 | train loss 0.9963 acc 0.6433 | val loss 0.9714 acc 0.6500 | 20.1s *
epoch   4/30 | lr 0.0280 | train loss 0.8879 acc 0.6844 | val loss 0.9345 acc 0.6820 | 19.6s *
epoch   5/30 | lr 0.0437 | train loss 0.7958 acc 0.7206 | val loss 0.8205 acc 0.7128 | 21.4s *
epoch   6/30 | lr 0.0604 | train loss 0.7262 acc 0.7482 | val loss 0.7658 acc 0.7304 | 24.2s *
epoch   7/30 | lr 0.0760 | train loss 0.6694 acc 0.7691 | val loss 0.7378 acc 0.7436 | 27.2s *
epoch   8/30 | lr 0.0888 | train loss 0.6253 acc 0.7867 | val loss 0.6152 acc 0.7872 | 37.0s *
epoch   9/30 | lr 0.0971 | train loss 0.5897 acc 0.7985 | val loss 0.6118 acc 0.7920 | 35.7s *
epoch  10/30 | lr 0.1000 | train loss 0.5633 acc 0.8078 | val loss 0.6320 acc 0.7824 | 33.5s
epoch  11/30 | lr 0.0994 | train loss 0.5378 acc 0.8173 | val loss 0.6404 acc 0.7828 | 28.6s
epoch  12/30 | lr 0.0978 | train loss 0.5240 acc 0.8206 | val loss 0.6341 acc 0.7858 | 27.9s
epoch  13/30 | lr 0.0950 | train loss 0.5029 acc 0.8302 | val loss 0.4645 acc 0.8422 | 26.3s *
epoch  14/30 | lr 0.0913 | train loss 0.4861 acc 0.8334 | val loss 0.5479 acc 0.8220 | 27.1s
epoch  15/30 | lr 0.0866 | train loss 0.4757 acc 0.8363 | val loss 0.4677 acc 0.8364 | 25.7s
epoch  16/30 | lr 0.0812 | train loss 0.4606 acc 0.8409 | val loss 0.4840 acc 0.8368 | 25.9s
epoch  17/30 | lr 0.0750 | train loss 0.4470 acc 0.8443 | val loss 0.5260 acc 0.8212 | 25.4s
epoch  18/30 | lr 0.0682 | train loss 0.4346 acc 0.8515 | val loss 0.4618 acc 0.8418 | 24.9s
epoch  19/30 | lr 0.0611 | train loss 0.4252 acc 0.8560 | val loss 0.4588 acc 0.8420 | 24.7s
epoch  20/30 | lr 0.0537 | train loss 0.4044 acc 0.8641 | val loss 0.4724 acc 0.8412 | 24.4s
epoch  21/30 | lr 0.0462 | train loss 0.3888 acc 0.8654 | val loss 0.5226 acc 0.8246 | 24.8s
epoch  22/30 | lr 0.0389 | train loss 0.3789 acc 0.8698 | val loss 0.4175 acc 0.8544 | 23.8s *
epoch  23/30 | lr 0.0317 | train loss 0.3579 acc 0.8784 | val loss 0.4013 acc 0.8630 | 23.9s *
epoch  24/30 | lr 0.0250 | train loss 0.3358 acc 0.8840 | val loss 0.3569 acc 0.8758 | 24.5s *
epoch  25/30 | lr 0.0188 | train loss 0.3079 acc 0.8949 | val loss 0.3324 acc 0.8866 | 24.3s *
epoch  26/30 | lr 0.0133 | train loss 0.2770 acc 0.9050 | val loss 0.3086 acc 0.8950 | 28.7s *
epoch  27/30 | lr 0.0087 | train loss 0.2524 acc 0.9151 | val loss 0.2978 acc 0.8998 | 35.8s *
epoch  28/30 | lr 0.0049 | train loss 0.2204 acc 0.9256 | val loss 0.2870 acc 0.9030 | 35.9s *
epoch  29/30 | lr 0.0022 | train loss 0.2089 acc 0.9288 | val loss 0.2838 acc 0.9068 | 28.5s *
epoch  30/30 | lr 0.0006 | train loss 0.1990 acc 0.9325 | val loss 0.2811 acc 0.9088 | 26.3s *
